~/c/game ~/c/game
~/c/game ~/c/game
~/c/game ~/c/game
~/c/game ~/c/game
~/c/game ~/c/game
~/c/game ~/c/game
~/c/game ~/c/game
~/c/game ~/c/game
~/c/game
PUSHD\n
~/c/game ~/c/game
\nPOPD\n
~/c/game
PUSHD\n
~/c/game ~/c/game
\nCOMPILE\n
\nPOPD\n
~/c/game


date+%T
PUSHD
~/c/game ~/c/game
COMPILE
POPD
~/c/game



PUSHD
~/c/game ~/c/game
COMPILE
POPD
~/c/game


Thu Dec 15 16:03:31 CET 2022
PUSHD
~/c/game ~/c/game
COMPILE
POPD
~/c/game



PUSHD
~/c/game ~/c/game
COMPILE
POPD
~/c/game



PUSHD
~/c/game ~/c/game
COMPILE
POPD
~/c/game



PUSHD
~/c/game ~/c/game
COMPILE
POPD
~/c/game



PUSHD
~/c/game ~/c/game
COMPILE
POPD
~/c/game


2022-12-15 16:10:22
PUSHD
~/c/game ~/c/game
COMPILE
POPD
~/c/game


\033[0;33m2022-12-15 16:13:50\033[0m
PUSHD
~/c/game ~/c/game
COMPILE
POPD
~/c/game


[0;33m2022-12-15 16:14:19[0m
PUSHD
~/c/game ~/c/game
COMPILE
POPD
~/c/game


${YELLOW}${LOG_TIME}${NC}
PUSHD
~/c/game ~/c/game
COMPILE
POPD
~/c/game


[0;33m2022-12-15 16:17:05[0m
PUSHD
~/c/game ~/c/game
COMPILE
POPD
~/c/game


\033[0;33m2022-12-15 16:17:21\033[0m
PUSHD
~/c/game ~/c/game
COMPILE
POPD
~/c/game


PUSHD
~/c/game ~/c/game
COMPILE
POPD
~/c/game


2022-12-15 16:22:43
PUSHD
~/c/game ~/c/game
COMPILE
POPD
~/c/game


2022-12-15 16:25:22
PUSHD
~/c/game ~/c/game
COMPILE


2022-12-15 16:26:31
PUSHD
~/c/game ~/c/game
COMPILE


2022-12-15 16:27:05
PUSHD
~/c/game ~/c/game
COMPILE


2022-12-15 16:27:49
PUSHD
~/c/game ~/c/game
COMPILE


2022-12-15 16:28:35
PUSHD
~/c/game ~/c/game
COMPILE


2022-12-15 16:30:27
PUSHD
~/c/game ~/c/game
COMPILE
POPD
~/c/game


2022-12-15 16:31:15
PUSHD
~/c/game ~/c/game
COMPILE
POPD
~/c/game


2022-12-15 16:34:09
PUSHD
~/c/game ~/c/game
COMPILE
POPD
~/c/game


2022-12-15 16:34:26
PUSHD
~/c/game ~/c/game
COMPILE
POPD
~/c/game


2022-12-15 16:36:07
PUSHD
~/c/game ~/c/game
COMPILE
POPD
~/c/game


2022-12-15 16:36:30
PUSHD
~/c/game ~/c/game
COMPILE
POPD
~/c/game


2022-12-15 16:36:55
PUSHD
~/c/game ~/c/game
COMPILE
POPD
~/c/game


2022-12-15 16:37:38
PUSHD
~/c/game ~/c/game
COMPILE
POPD
~/c/game


2022-12-15 16:45:17
PUSHD
~/c/game ~/c/game
COMPILE
POPD
~/c/game


2022-12-15 16:45:36
PUSHD
~/c/game ~/c/game
COMPILE


2022-12-15 16:46:04
PUSHD
~/c/game ~/c/game
COMPILE


2022-12-15 16:46:36
PUSHD
~/c/game ~/c/game
COMPILE


2022-12-15 16:47:28
PUSHD
~/c/game ~/c/game
COMPILE


2022-12-15 16:48:31
PUSHD
~/c/game ~/c/game
COMPILE


2022-12-15 16:50:00
PUSHD
~/c/game ~/c/game
COMPILE


2022-12-15 16:50:56
PUSHD
~/c/game ~/c/game
COMPILE
POPD
~/c/game


2022-12-15 16:51:18
PUSHD
~/c/game ~/c/game
COMPILE
POPD
~/c/game


2022-12-15 16:51:41
PUSHD
~/c/game ~/c/game
COMPILE
POPD
~/c/game


2022-12-15 16:52:03
PUSHD
~/c/game ~/c/game
COMPILE
POPD
~/c/game


2022-12-15 16:52:33
PUSHD
~/c/game ~/c/game
COMPILE
POPD
~/c/game


2022-12-15 16:54:53
PUSHD
~/c/game ~/c/game
COMPILE
POPD
~/c/game


2022-12-15 16:55:40
PUSHD
~/c/game ~/c/game
COMPILE


2022-12-15 16:56:58
PUSHD
~/c/game ~/c/game
COMPILE


2022-12-15 16:57:57
PUSHD
~/c/game ~/c/game
COMPILE


2022-12-15 16:58:10
PUSHD
~/c/game ~/c/game
COMPILE


2022-12-15 16:58:32
PUSHD
~/c/game ~/c/game
COMPILE


2022-12-15 16:58:56
PUSHD
~/c/game ~/c/game
COMPILE


2022-12-15 16:59:43
PUSHD
~/c/game ~/c/game
COMPILE


2022-12-15 17:00:00
PUSHD
~/c/game ~/c/game
COMPILE


2022-12-15 17:00:26
PUSHD
~/c/game ~/c/game
COMPILE


2022-12-15 17:00:39
PUSHD
~/c/game ~/c/game
COMPILE


2022-12-15 17:04:29
PUSHD
~/c/game ~/c/game
COMPILE
~/c/game


2022-12-15 17:04:52
PUSHD
~/c/game ~/c/game
COMPILE
~/c/game


2022-12-15 17:05:14
PUSHD
~/c/game ~/c/game
COMPILE
POPD
~/c/game


2022-12-15 17:05:59
PUSHD
~/c/game ~/c/game
COMPILE
~/c/game


2022-12-15 17:06:26
PUSHD
~/c/game ~/c/game
COMPILE
~/c/game


2022-12-15 17:09:42
PUSHD
~/c/game ~/c/game
COMPILE
POPD
~/c/game


2022-12-15 17:10:33
PUSHD
~/c/game ~/c/game
COMPILE


2022-12-15 17:17:46
PUSHD
~/c/game ~/c/game
COMPILE


2022-12-15 17:19:09
PUSHD
~/c/game ~/c/game
COMPILE
POPD
~/c/game


2022-12-15 17:20:37
PUSHD
~/c/game ~/c/game
COMPILE
~/c/game


PUSHD
~/c/game ~/c/game
COMPILE
~/c/game


PUSHD
~/c/game ~/c/game
COMPILE
~/c/game


PUSHD
~/c/game ~/c/game
COMPILE
POPD
~/c/game


PUSHD
~/c/game ~/c/game
COMPILE
POPD
~/c/game


PUSHD
~/c/game ~/c/game
COMPILE
~/c/game


PUSHD
~/c/game ~/c/game
COMPILE
~/c/game


PUSHD
~/c/game ~/c/game
COMPILE
~/c/game


PUSHD
~/c/game ~/c/game
COMPILE
~/c/game


PUSHD
~/c/game ~/c/game
COMPILE
~/c/game


PUSHD
~/c/game ~/c/game
COMPILE
~/c/game


PUSHD
~/c/game ~/c/game
COMPILE
~/c/game


PUSHD
~/c/game ~/c/game
COMPILE
~/c/game


PUSHD
~/c/game ~/c/game
COMPILE
~/c/game


PUSHD
~/c/game ~/c/game
COMPILE
~/c/game


PUSHD
~/c/game ~/c/game
COMPILE
~/c/game


PUSHD
~/c/game ~/c/game
COMPILE
~/c/game


PUSHD
~/c/game ~/c/game
COMPILE
~/c/game


PUSHD
~/c/game ~/c/game
COMPILE
~/c/game


PUSHD
~/c/game ~/c/game
COMPILE
~/c/game
COMPILE
~/c/game
COMPILE
COMPILE
~/c/game
COMPILE
~/c/game
COMPILE
~/c/game
COMPILE
~/c/game
COMPILE
~/c/game
COMPILE
~/c/game
COMPILE
~/c/game
COMPILE
~/c/game
COMPILE
~/c/game
COMPILE
~/c/game
COMPILE
~/c/game
COMPILE
~/c/game
COMPILE
~/c/game
COMPILE
COMPILE
COMPILE
~/c/game
COMPILE
COMPILE
COMPILE
COMPILE
COMPILE
COMPILE
~/c/game
COMPILE
COMPILE
COMPILE
COMPILE
COMPILE
COMPILE
COMPILE
COMPILE
~/c/game
COMPILE
~/c/game
COMPILE
~/c/game
COMPILE
COMPILE
~/c/game
COMPILE
~/c/game
COMPILE
~/c/game
COMPILE
~/c/game
COMPILE
~/c/game
COMPILE
~/c/game
COMPILE
~/c/game
COMPILE
~/c/game
COMPILE
~/c/game
COMPILE
~/c/game
COMPILE
~/c/game
COMPILE
~/c/game
COMPILE
~/c/game
COMPILE
COMPILE
COMPILE
~/c/game
COMPILE
~/c/game
COMPILE
~/c/game
COMPILE
~/c/game
COMPILE
~/c/game
COMPILE
~/c/game
COMPILE
COMPILE
COMPILE
COMPILE
~/c/game
COMPILE
~/c/game
COMPILE
~/c/game
COMPILE
~/c/game
COMPILE
~/c/game
COMPILE
COMPILE
COMPILE
COMPILE
COMPILE
COMPILE
COMPILE
COMPILE
COMPILE
COMPILE
COMPILE
COMPILE
COMPILE
COMPILE
COMPILE
COMPILE
COMPILE
COMPILE
COMPILE
COMPILE
COMPILE
COMPILE
COMPILE
~/c/game
COMPILE
COMPILE
COMPILE
~/c/game
COMPILE
COMPILE
COMPILE
~/c/game
COMPILE
